MPLINK 4.49, Linker
Linker Map File - Created Mon Mar 25 14:17:56 2024

                                 Section Info
                  Section       Type    Address   Location Size(Bytes)
                ---------  ---------  ---------  ---------  ---------
                   .org_0       code   0x000000    program   0x000000
                   .org_1       code   0x000000    program   0x000004
                   .org_2       code   0x000008    program   0x00000e
                   .org_3       code   0x000018    program   0x000036
 .config_300001_PIC4520.O    romdata   0x300001    program   0x000001
 .config_300002_PIC4520.O    romdata   0x300002    program   0x000001
 .config_300003_PIC4520.O    romdata   0x300003    program   0x000001
 .config_300005_PIC4520.O    romdata   0x300005    program   0x000001
 .config_300006_PIC4520.O    romdata   0x300006    program   0x000001
 .config_300008_PIC4520.O    romdata   0x300008    program   0x000001
 .config_300009_PIC4520.O    romdata   0x300009    program   0x000001
 .config_30000A_PIC4520.O    romdata   0x30000a    program   0x000001
 .config_30000B_PIC4520.O    romdata   0x30000b    program   0x000001
 .config_30000C_PIC4520.O    romdata   0x30000c    program   0x000001
 .config_30000D_PIC4520.O    romdata   0x30000d    program   0x000001



                              Program Memory Usage 
                               Start         End      
                           ---------   ---------      
                            0x000000    0x000003      
                            0x000008    0x000015      
                            0x000018    0x00004d      
                            0x300001    0x300003      
                            0x300005    0x300006      
                            0x300008    0x30000d      
            83 out of 33048 program addresses used, program memory utilization is 0%



                              Symbols - Sorted by Name
                     Name    Address   Location    Storage File                     
                ---------  ---------  ---------  --------- ---------                
                   FIMINT   0x00002a    program     static C:\Users\Gabriel\Documents\Dev\Faculdade\2024_1\Microcontrolados\Atividade 2\PIC4520.asm
            HIGH_PRIORITY   0x000026    program     static C:\Users\Gabriel\Documents\Dev\Faculdade\2024_1\Microcontrolados\Atividade 2\PIC4520.asm
                   INICIO   0x000036    program     static C:\Users\Gabriel\Documents\Dev\Faculdade\2024_1\Microcontrolados\Atividade 2\PIC4520.asm
                   ITEM_A   0x00003a    program     static C:\Users\Gabriel\Documents\Dev\Faculdade\2024_1\Microcontrolados\Atividade 2\PIC4520.asm
                       L1   0x00003e    program     static C:\Users\Gabriel\Documents\Dev\Faculdade\2024_1\Microcontrolados\Atividade 2\PIC4520.asm
                       L2   0x00003a    program     static C:\Users\Gabriel\Documents\Dev\Faculdade\2024_1\Microcontrolados\Atividade 2\PIC4520.asm
             LOW_PRIORITY   0x000022    program     static C:\Users\Gabriel\Documents\Dev\Faculdade\2024_1\Microcontrolados\Atividade 2\PIC4520.asm



                              Symbols - Sorted by Address
                     Name    Address   Location    Storage File                     
                ---------  ---------  ---------  --------- ---------                
             LOW_PRIORITY   0x000022    program     static C:\Users\Gabriel\Documents\Dev\Faculdade\2024_1\Microcontrolados\Atividade 2\PIC4520.asm
            HIGH_PRIORITY   0x000026    program     static C:\Users\Gabriel\Documents\Dev\Faculdade\2024_1\Microcontrolados\Atividade 2\PIC4520.asm
                   FIMINT   0x00002a    program     static C:\Users\Gabriel\Documents\Dev\Faculdade\2024_1\Microcontrolados\Atividade 2\PIC4520.asm
                   INICIO   0x000036    program     static C:\Users\Gabriel\Documents\Dev\Faculdade\2024_1\Microcontrolados\Atividade 2\PIC4520.asm
                   ITEM_A   0x00003a    program     static C:\Users\Gabriel\Documents\Dev\Faculdade\2024_1\Microcontrolados\Atividade 2\PIC4520.asm
                       L2   0x00003a    program     static C:\Users\Gabriel\Documents\Dev\Faculdade\2024_1\Microcontrolados\Atividade 2\PIC4520.asm
                       L1   0x00003e    program     static C:\Users\Gabriel\Documents\Dev\Faculdade\2024_1\Microcontrolados\Atividade 2\PIC4520.asm


