MPLINK 4.49, Linker
Linker Map File - Created Mon Apr 01 14:46:42 2024

                                 Section Info
                  Section       Type    Address   Location Size(Bytes)
                ---------  ---------  ---------  ---------  ---------
                   .org_0       code   0x000000    program   0x000000
                   .org_1       code   0x000000    program   0x000084
.config_300000_LED_B_4550.O    romdata   0x300000    program   0x000001
.config_300001_LED_B_4550.O    romdata   0x300001    program   0x000001
.config_300002_LED_B_4550.O    romdata   0x300002    program   0x000001
.config_300003_LED_B_4550.O    romdata   0x300003    program   0x000001
.config_300005_LED_B_4550.O    romdata   0x300005    program   0x000001
.config_300006_LED_B_4550.O    romdata   0x300006    program   0x000001
.config_300008_LED_B_4550.O    romdata   0x300008    program   0x000001
.config_300009_LED_B_4550.O    romdata   0x300009    program   0x000001
.config_30000A_LED_B_4550.O    romdata   0x30000a    program   0x000001
.config_30000B_LED_B_4550.O    romdata   0x30000b    program   0x000001
.config_30000C_LED_B_4550.O    romdata   0x30000c    program   0x000001
.config_30000D_LED_B_4550.O    romdata   0x30000d    program   0x000001



                              Program Memory Usage 
                               Start         End      
                           ---------   ---------      
                            0x000000    0x000083      
                            0x300000    0x300003      
                            0x300005    0x300006      
                            0x300008    0x30000d      
            144 out of 33048 program addresses used, program memory utilization is 0%



                              Symbols - Sorted by Name
                     Name    Address   Location    Storage File                     
                ---------  ---------  ---------  --------- ---------                
                   INICIO   0x000004    program     static C:\Users\Gabriel\Documents\Dev\Faculdade\2024_1\Microcontrolados\LEDS\LED_B_4550.asm
                      LA1   0x00000c    program     static C:\Users\Gabriel\Documents\Dev\Faculdade\2024_1\Microcontrolados\LEDS\LED_B_4550.asm
                      LB1   0x000028    program     static C:\Users\Gabriel\Documents\Dev\Faculdade\2024_1\Microcontrolados\LEDS\LED_B_4550.asm
                      LB2   0x000034    program     static C:\Users\Gabriel\Documents\Dev\Faculdade\2024_1\Microcontrolados\LEDS\LED_B_4550.asm
               PROGRAMA_A   0x000008    program     static C:\Users\Gabriel\Documents\Dev\Faculdade\2024_1\Microcontrolados\LEDS\LED_B_4550.asm
               PROGRAMA_B   0x000020    program     static C:\Users\Gabriel\Documents\Dev\Faculdade\2024_1\Microcontrolados\LEDS\LED_B_4550.asm
                      REP   0x000070    program     static C:\Users\Gabriel\Documents\Dev\Faculdade\2024_1\Microcontrolados\LEDS\LED_B_4550.asm
                     REP3   0x000048    program     static C:\Users\Gabriel\Documents\Dev\Faculdade\2024_1\Microcontrolados\LEDS\LED_B_4550.asm
                     REP4   0x000050    program     static C:\Users\Gabriel\Documents\Dev\Faculdade\2024_1\Microcontrolados\LEDS\LED_B_4550.asm
                   REPETE   0x000068    program     static C:\Users\Gabriel\Documents\Dev\Faculdade\2024_1\Microcontrolados\LEDS\LED_B_4550.asm
                   T100ms   0x000044    program     static C:\Users\Gabriel\Documents\Dev\Faculdade\2024_1\Microcontrolados\LEDS\LED_B_4550.asm
                   T250ms   0x000064    program     static C:\Users\Gabriel\Documents\Dev\Faculdade\2024_1\Microcontrolados\LEDS\LED_B_4550.asm



                              Symbols - Sorted by Address
                     Name    Address   Location    Storage File                     
                ---------  ---------  ---------  --------- ---------                
                   INICIO   0x000004    program     static C:\Users\Gabriel\Documents\Dev\Faculdade\2024_1\Microcontrolados\LEDS\LED_B_4550.asm
               PROGRAMA_A   0x000008    program     static C:\Users\Gabriel\Documents\Dev\Faculdade\2024_1\Microcontrolados\LEDS\LED_B_4550.asm
                      LA1   0x00000c    program     static C:\Users\Gabriel\Documents\Dev\Faculdade\2024_1\Microcontrolados\LEDS\LED_B_4550.asm
               PROGRAMA_B   0x000020    program     static C:\Users\Gabriel\Documents\Dev\Faculdade\2024_1\Microcontrolados\LEDS\LED_B_4550.asm
                      LB1   0x000028    program     static C:\Users\Gabriel\Documents\Dev\Faculdade\2024_1\Microcontrolados\LEDS\LED_B_4550.asm
                      LB2   0x000034    program     static C:\Users\Gabriel\Documents\Dev\Faculdade\2024_1\Microcontrolados\LEDS\LED_B_4550.asm
                   T100ms   0x000044    program     static C:\Users\Gabriel\Documents\Dev\Faculdade\2024_1\Microcontrolados\LEDS\LED_B_4550.asm
                     REP3   0x000048    program     static C:\Users\Gabriel\Documents\Dev\Faculdade\2024_1\Microcontrolados\LEDS\LED_B_4550.asm
                     REP4   0x000050    program     static C:\Users\Gabriel\Documents\Dev\Faculdade\2024_1\Microcontrolados\LEDS\LED_B_4550.asm
                   T250ms   0x000064    program     static C:\Users\Gabriel\Documents\Dev\Faculdade\2024_1\Microcontrolados\LEDS\LED_B_4550.asm
                   REPETE   0x000068    program     static C:\Users\Gabriel\Documents\Dev\Faculdade\2024_1\Microcontrolados\LEDS\LED_B_4550.asm
                      REP   0x000070    program     static C:\Users\Gabriel\Documents\Dev\Faculdade\2024_1\Microcontrolados\LEDS\LED_B_4550.asm


