MPLINK 4.49, Linker
Linker Map File - Created Mon Mar 25 13:54:08 2024

                                 Section Info
                  Section       Type    Address   Location Size(Bytes)
                ---------  ---------  ---------  ---------  ---------
                   .org_0       code   0x000000    program   0x000000
                   .org_1       code   0x000000    program   0x000002
                   .org_2       code   0x000004    program   0x00002c
     .config_2007_TESTE.O       code   0x002007    program   0x000002



                              Program Memory Usage 
                               Start         End      
                           ---------   ---------      
                            0x000000    0x000000      
                            0x000004    0x000019      
                            0x002007    0x002007      
            24 out of 8454 program addresses used, program memory utilization is 0%



                              Symbols - Sorted by Name
                     Name    Address   Location    Storage File                     
                ---------  ---------  ---------  --------- ---------                
                   FIMINT   0x00000a    program     static C:\Users\Gabriel\Documents\Dev\Faculdade\2024_1\Microcontrolados\Teste\teste.asm
                   INICIO   0x000011    program     static C:\Users\Gabriel\Documents\Dev\Faculdade\2024_1\Microcontrolados\Teste\teste.asm
                   ITEM_A   0x000012    program     static C:\Users\Gabriel\Documents\Dev\Faculdade\2024_1\Microcontrolados\Teste\teste.asm
                       L1   0x000014    program     static C:\Users\Gabriel\Documents\Dev\Faculdade\2024_1\Microcontrolados\Teste\teste.asm
                       L2   0x000012    program     static C:\Users\Gabriel\Documents\Dev\Faculdade\2024_1\Microcontrolados\Teste\teste.asm



                              Symbols - Sorted by Address
                     Name    Address   Location    Storage File                     
                ---------  ---------  ---------  --------- ---------                
                   FIMINT   0x00000a    program     static C:\Users\Gabriel\Documents\Dev\Faculdade\2024_1\Microcontrolados\Teste\teste.asm
                   INICIO   0x000011    program     static C:\Users\Gabriel\Documents\Dev\Faculdade\2024_1\Microcontrolados\Teste\teste.asm
                   ITEM_A   0x000012    program     static C:\Users\Gabriel\Documents\Dev\Faculdade\2024_1\Microcontrolados\Teste\teste.asm
                       L2   0x000012    program     static C:\Users\Gabriel\Documents\Dev\Faculdade\2024_1\Microcontrolados\Teste\teste.asm
                       L1   0x000014    program     static C:\Users\Gabriel\Documents\Dev\Faculdade\2024_1\Microcontrolados\Teste\teste.asm


